LineBreakpoint created at stepOutCoroutineScope.kt:15
Run Java
Connected to the target VM
stepOutCoroutineScope.kt:15
stepOutCoroutineScope.kt:19
stepOutCoroutineScope.kt:20
stepOutCoroutineScope.kt:21
Compile bytecode for i
Disconnected from the target VM

Process finished with exit code 0
