LineBreakpoint created at localDelegatedPropertyAndClinit.kt:17
Run Java
Connected to the target VM
localDelegatedPropertyAndClinit.kt:17
localDelegatedPropertyAndClinit.kt:8
localDelegatedPropertyAndClinit.kt:17
Disconnected from the target VM

Process finished with exit code 0
