LineBreakpoint created at multiModuleDelegateInlineAccessor.kt:24
Run Java
Connected to the target VM
multiModuleDelegateInlineAccessor.kt:24
Compile bytecode for text
Disconnected from the target VM

Process finished with exit code 0
