LineBreakpoint created at conditionalReturnInLambda.kt:7 lambdaOrdinal = 2
Run Java
Connected to the target VM
conditionalReturnInLambda.kt:7
Highlight lambda range: return
Disconnected from the target VM

Process finished with exit code 0
