LineBreakpoint created at inlineFunctionsInClass.kt:8
LineBreakpoint created at inlineFunctionsInClass.kt:15
LineBreakpoint created at inlineFunctionsInClass.kt:21
Run Java
Connected to the target VM
inlineFunctionsInClass.kt:21
Compile bytecode for xBaz + bazParam
InlineStackFrame baz (inlineFunctionsInClass.kt:21)
    JavaValue[local] this: inlineFunctionsInClass.A = inlineFunctionsInClass.A@hashCode
        DummyMessageValueNode = Class has no properties
    JavaValue[local] bazParam: int = 3 (inlineFunctionsInClass.kt:18)
    JavaValue[local] xBaz: int = 3 (inlineFunctionsInClass.kt:19)
InlineStackFrame bar (inlineFunctionsInClass.kt:13)
    JavaValue[local] this: inlineFunctionsInClass.A = inlineFunctionsInClass.A@hashCode
        DummyMessageValueNode = Class has no properties
    JavaValue[local] barParam: int = 2
    JavaValue[local] xBar: int = 2
InlineStackFrame foo (inlineFunctionsInClass.kt:6)
    JavaValue[local] this: inlineFunctionsInClass.A = inlineFunctionsInClass.A@hashCode
        DummyMessageValueNode = Class has no properties
    JavaValue[local] fooParam: int = 1
    JavaValue[local] xFoo: int = 1
KotlinStackFrame (inlineFunctionsInClass.kt:27)
    JavaValue[local] a: inlineFunctionsInClass.A = inlineFunctionsInClass.A@hashCode
        DummyMessageValueNode = Class has no properties
inlineFunctionsInClass.kt:15
Compile bytecode for xBar + barParam
InlineStackFrame bar (inlineFunctionsInClass.kt:15)
    JavaValue[local] this: inlineFunctionsInClass.A = inlineFunctionsInClass.A@hashCode
        DummyMessageValueNode = Class has no properties
    JavaValue[local] barParam: int = 2 (inlineFunctionsInClass.kt:11)
    JavaValue[local] xBar: int = 2 (inlineFunctionsInClass.kt:12)
InlineStackFrame foo (inlineFunctionsInClass.kt:6)
    JavaValue[local] this: inlineFunctionsInClass.A = inlineFunctionsInClass.A@hashCode
        DummyMessageValueNode = Class has no properties
    JavaValue[local] fooParam: int = 1
    JavaValue[local] xFoo: int = 1
KotlinStackFrame (inlineFunctionsInClass.kt:27)
    JavaValue[local] a: inlineFunctionsInClass.A = inlineFunctionsInClass.A@hashCode
        DummyMessageValueNode = Class has no properties
inlineFunctionsInClass.kt:8
Compile bytecode for xFoo + fooParam
InlineStackFrame foo (inlineFunctionsInClass.kt:8)
    JavaValue[local] this: inlineFunctionsInClass.A = inlineFunctionsInClass.A@hashCode
        DummyMessageValueNode = Class has no properties
    JavaValue[local] fooParam: int = 1 (inlineFunctionsInClass.kt:4)
    JavaValue[local] xFoo: int = 1 (inlineFunctionsInClass.kt:5)
KotlinStackFrame (inlineFunctionsInClass.kt:27)
    JavaValue[local] a: inlineFunctionsInClass.A = inlineFunctionsInClass.A@hashCode
        DummyMessageValueNode = Class has no properties
inlineFunctionsInClass.kt:21
InlineStackFrame baz (inlineFunctionsInClass.kt:21)
    JavaValue[local] this: inlineFunctionsInClass.A = inlineFunctionsInClass.A@hashCode
        DummyMessageValueNode = Class has no properties
    JavaValue[local] bazParam: int = 3 (inlineFunctionsInClass.kt:18)
    JavaValue[local] xBaz: int = 3 (inlineFunctionsInClass.kt:19)
InlineStackFrame bar (inlineFunctionsInClass.kt:13)
    JavaValue[local] this: inlineFunctionsInClass.A = inlineFunctionsInClass.A@hashCode
        DummyMessageValueNode = Class has no properties
    JavaValue[local] barParam: int = 2
    JavaValue[local] xBar: int = 2
InlineStackFrame foo (inlineFunctionsInClass.kt:6)
    JavaValue[local] this: inlineFunctionsInClass.A = inlineFunctionsInClass.A@hashCode
        DummyMessageValueNode = Class has no properties
    JavaValue[local] fooParam: int = 2
    JavaValue[local] xFoo: int = 1
KotlinStackFrame (inlineFunctionsInClass.kt:28)
    JavaValue[local] a: inlineFunctionsInClass.A = inlineFunctionsInClass.A@hashCode
        DummyMessageValueNode = Class has no properties
inlineFunctionsInClass.kt:15
InlineStackFrame bar (inlineFunctionsInClass.kt:15)
    JavaValue[local] this: inlineFunctionsInClass.A = inlineFunctionsInClass.A@hashCode
        DummyMessageValueNode = Class has no properties
    JavaValue[local] barParam: int = 2 (inlineFunctionsInClass.kt:11)
    JavaValue[local] xBar: int = 2 (inlineFunctionsInClass.kt:12)
InlineStackFrame foo (inlineFunctionsInClass.kt:6)
    JavaValue[local] this: inlineFunctionsInClass.A = inlineFunctionsInClass.A@hashCode
        DummyMessageValueNode = Class has no properties
    JavaValue[local] fooParam: int = 2
    JavaValue[local] xFoo: int = 1
KotlinStackFrame (inlineFunctionsInClass.kt:28)
    JavaValue[local] a: inlineFunctionsInClass.A = inlineFunctionsInClass.A@hashCode
        DummyMessageValueNode = Class has no properties
inlineFunctionsInClass.kt:8
InlineStackFrame foo (inlineFunctionsInClass.kt:8)
    JavaValue[local] this: inlineFunctionsInClass.A = inlineFunctionsInClass.A@hashCode
        DummyMessageValueNode = Class has no properties
    JavaValue[local] fooParam: int = 2 (inlineFunctionsInClass.kt:4)
    JavaValue[local] xFoo: int = 1 (inlineFunctionsInClass.kt:5)
KotlinStackFrame (inlineFunctionsInClass.kt:28)
    JavaValue[local] a: inlineFunctionsInClass.A = inlineFunctionsInClass.A@hashCode
        DummyMessageValueNode = Class has no properties
Disconnected from the target VM

Process finished with exit code 0
