LineBreakpoint created at frameInlineArgumentInsideInlineFun.kt:16
Run Java
Connected to the target VM
frameInlineArgumentInsideInlineFun.kt:16
Compile bytecode for element
InlineStackFrame lambda 'inlineFun' in 'foo' (frameInlineArgumentInsideInlineFun.kt:16)
    JavaValue[local] this (@B): frameInlineArgumentInsideInlineFun.B = frameInlineArgumentInsideInlineFun.B@hashCode
        DummyMessageValueNode = Class has no properties
    JavaValue[local] element: int = 1 (frameInlineArgumentInsideInlineFun.kt:13)
    JavaValue[local] it: int = 1
InlineStackFrame inlineFun (frameInlineArgumentInsideInlineFun.kt:7)
    JavaValue[local] this (@A): frameInlineArgumentInsideInlineFun.A = frameInlineArgumentInsideInlineFun.A@hashCode
        DummyMessageValueNode = Class has no properties
    JavaValue[local] element: double = 1.0 (frameInlineArgumentInsideInlineFun.kt:13)
InlineStackFrame foo (frameInlineArgumentInsideInlineFun.kt:14)
    JavaValue[local] this (@B): frameInlineArgumentInsideInlineFun.B = frameInlineArgumentInsideInlineFun.B@hashCode
        DummyMessageValueNode = Class has no properties
    JavaValue[local] element: int = 1 (frameInlineArgumentInsideInlineFun.kt:13)
KotlinStackFrame (frameInlineArgumentInsideInlineFun.kt:25)
    JavaValue[local] element: float = 1.0 (frameInlineArgumentInsideInlineFun.kt:13)
Disconnected from the target VM

Process finished with exit code 0
