LineBreakpoint created at frameInnerLambda.kt:9
Run Java
Connected to the target VM
frameInnerLambda.kt:9
Compile bytecode for val1
Compile bytecode for val2
Compile bytecode for val1 + val2
KotlinStackFrame (frameInnerLambda.kt:9)
    JavaValue[this] this: FrameInnerLambdaKt$main$1$1@uniqueID = Function0<kotlin.Unit>
        JavaValue[field] $val1: int = 1
        JavaValue[field] $val2: int = 1
        JavaValue[field] arity: int = 0 (Lambda.!EXT!)
Disconnected from the target VM

Process finished with exit code 0
