LineBreakpoint created at coroutineContextExists.kt:12
Run Java
Connected to the target VM
coroutineContextExists.kt:12
Compile bytecode for kotlin.coroutines.coroutineContext[CoroutineName.Key]?.name
Disconnected from the target VM

Process finished with exit code 0
