LineBreakpoint created at operatorSuspendCall.kt:13
Run Java
Connected to the target VM
operatorSuspendCall.kt:13
Compile bytecode for kotlinx.coroutines.runBlocking {
    buildList {
        for (i in x) {
            add(i)
        }
    }.sum()
}
Disconnected from the target VM

Process finished with exit code 0
