LineBreakpoint created at composite.kt:43
Run Java
Connected to the target VM
composite.kt:43
Compile bytecode for block(100000)
Disconnected from the target VM

Process finished with exit code 0
