LineBreakpoint created at lambdaWithLocalFun.kt:14
Run Java
Connected to the target VM
lambdaWithLocalFun.kt:14
Compile bytecode for block(42)
Disconnected from the target VM

Process finished with exit code 0
