LineBreakpoint created at breakpointInCrossinlineLambdaJvmName.kt:7 lambdaOrdinal = 1
LineBreakpoint created at breakpointInCrossinlineLambdaJvmName.kt:12 lambdaOrdinal = 2
Run Java
Connected to the target VM
breakpointInCrossinlineLambdaJvmName.kt:7
breakpointInCrossinlineLambdaJvmName.kt:23
breakpointInCrossinlineLambdaJvmName.kt:12
breakpointInCrossinlineLambdaJvmName.kt:24
Disconnected from the target VM

Process finished with exit code 0
