LineBreakpoint created at filterFunctionCallsFromClass.kt:39
LineBreakpoint created at filterFunctionCallsFromClass.kt:48
LineBreakpoint created at filterFunctionCallsFromClass.kt:57
LineBreakpoint created at filterFunctionCallsFromClass.kt:68
LineBreakpoint created at filterFunctionCallsFromClass.kt:77
LineBreakpoint created at filterFunctionCallsFromClass.kt:86
LineBreakpoint created at filterFunctionCallsFromClass.kt:97
LineBreakpoint created at filterFunctionCallsFromClass.kt:106
LineBreakpoint created at filterFunctionCallsFromClass.kt:115
LineBreakpoint created at filterFunctionCallsFromClass.kt:126
LineBreakpoint created at filterFunctionCallsFromClass.kt:135
LineBreakpoint created at filterFunctionCallsFromClass.kt:144
Run Java
Connected to the target VM
filterFunctionCallsFromClass.kt:39
filterFunctionCallsFromClass.kt:44
filterFunctionCallsFromClass.kt:5
filterFunctionCallsFromClass.kt:44
filterFunctionCallsFromClass.kt:48
filterFunctionCallsFromClass.kt:53
filterFunctionCallsFromClass.kt:13
filterFunctionCallsFromClass.kt:53
filterFunctionCallsFromClass.kt:57
filterFunctionCallsFromClass.kt:62
filterFunctionCallsFromClass.kt:9
filterFunctionCallsFromClass.kt:62
filterFunctionCallsFromClass.kt:68
filterFunctionCallsFromClass.kt:73
filterFunctionCallsFromClass.kt:21
filterFunctionCallsFromClass.kt:73
filterFunctionCallsFromClass.kt:77
filterFunctionCallsFromClass.kt:82
filterFunctionCallsFromClass.kt:13
filterFunctionCallsFromClass.kt:82
filterFunctionCallsFromClass.kt:86
filterFunctionCallsFromClass.kt:91
filterFunctionCallsFromClass.kt:9
filterFunctionCallsFromClass.kt:91
filterFunctionCallsFromClass.kt:97
filterFunctionCallsFromClass.kt:102
filterFunctionCallsFromClass.kt:21
filterFunctionCallsFromClass.kt:102
filterFunctionCallsFromClass.kt:106
filterFunctionCallsFromClass.kt:111
filterFunctionCallsFromClass.kt:13
filterFunctionCallsFromClass.kt:111
filterFunctionCallsFromClass.kt:115
filterFunctionCallsFromClass.kt:120
filterFunctionCallsFromClass.kt:25
filterFunctionCallsFromClass.kt:120
filterFunctionCallsFromClass.kt:126
filterFunctionCallsFromClass.kt:131
filterFunctionCallsFromClass.kt:21
filterFunctionCallsFromClass.kt:131
filterFunctionCallsFromClass.kt:135
filterFunctionCallsFromClass.kt:140
filterFunctionCallsFromClass.kt:29
filterFunctionCallsFromClass.kt:140
filterFunctionCallsFromClass.kt:144
filterFunctionCallsFromClass.kt:149
filterFunctionCallsFromClass.kt:25
filterFunctionCallsFromClass.kt:149
Disconnected from the target VM

Process finished with exit code 0
