LineBreakpoint created at idea300605.kt:9
LineBreakpoint created at idea300605.kt:21
LineBreakpoint created at idea300605.kt:35
LineBreakpoint created at idea300605.kt:43
Run Java
Connected to the target VM
idea300605.kt:9
idea300605.kt:10
idea300605.kt:21
idea300605.kt:13
idea300605.kt:22
idea300605.kt:35
idea300605.kt:36
idea300605.kt:43
idea300605.kt:46
Disconnected from the target VM

Process finished with exit code 0
