LineBreakpoint created at idea335187.kt:9
LineBreakpoint created at idea335187.kt:17
Run Java
Connected to the target VM
idea335187.kt:9
idea335187.kt:17
Disconnected from the target VM

Process finished with exit code 0
