LineBreakpoint created at insideCallChain.kt:13 lambdaOrdinal = -1
LineBreakpoint created at insideCallChain.kt:21 lambdaOrdinal = -1
LineBreakpoint created at insideCallChain.kt:28 lambdaOrdinal = -1
LineBreakpoint created at insideCallChain.kt:36 lambdaOrdinal = -1
Run Java
Connected to the target VM
insideCallChain.kt:13
insideCallChain.kt:3
insideCallChain.kt:21
insideCallChain.kt:21
insideCallChain.kt:4
insideCallChain.kt:28
insideCallChain.kt:5
insideCallChain.kt:36
insideCallChain.kt:37
insideCallChain.kt:6
Disconnected from the target VM

Process finished with exit code 0
