LineBreakpoint created at smartStepIntoDeferredSamLambdas.kt:33
LineBreakpoint created at smartStepIntoDeferredSamLambdas.kt:44
LineBreakpoint created at smartStepIntoDeferredSamLambdas.kt:55
LineBreakpoint created at smartStepIntoDeferredSamLambdas.kt:66
LineBreakpoint created at smartStepIntoDeferredSamLambdas.kt:75
Run Java
Connected to the target VM
smartStepIntoDeferredSamLambdas.kt:33
smartStepIntoDeferredSamLambdas.kt:37
smartStepIntoDeferredSamLambdas.kt:37
smartStepIntoDeferredSamLambdas.kt:44
smartStepIntoDeferredSamLambdas.kt:48
smartStepIntoDeferredSamLambdas.kt:49
smartStepIntoDeferredSamLambdas.kt:55
smartStepIntoDeferredSamLambdas.kt:59
smartStepIntoDeferredSamLambdas.kt:61
smartStepIntoDeferredSamLambdas.kt:66
smartStepIntoDeferredSamLambdas.kt:70
smartStepIntoDeferredSamLambdas.kt:70
smartStepIntoDeferredSamLambdas.kt:75
smartStepIntoDeferredSamLambdas.kt:79
smartStepIntoDeferredSamLambdas.kt:79
Disconnected from the target VM

Process finished with exit code 0
