LineBreakpoint created at smartStepIntoInlineFun.kt:8
LineBreakpoint created at smartStepIntoInlineFun.kt:16
LineBreakpoint created at smartStepIntoInlineFun.kt:24
LineBreakpoint created at smartStepIntoInlineFun.kt:33
LineBreakpoint created at smartStepIntoInlineFun.kt:43
LineBreakpoint created at smartStepIntoInlineFun.kt:53
LineBreakpoint created at smartStepIntoInlineFun.kt:60
Run Java
Connected to the target VM
smartStepIntoInlineFun.kt:8
smartStepIntoInlineFun.kt:11
smartStepIntoInlineFun.kt:68
smartStepIntoInlineFun.kt:16
smartStepIntoInlineFun.kt:19
smartStepIntoInlineFun.kt:74
smartStepIntoInlineFun.kt:24
smartStepIntoInlineFun.kt:27
_Arrays.!EXT!
smartStepIntoInlineFun.kt:33
smartStepIntoInlineFun.kt:36
_Arrays.!EXT!
smartStepIntoInlineFun.kt:43
smartStepIntoInlineFun.kt:46
_Collections.!EXT!
smartStepIntoInlineFun.kt:53
smartStepIntoInlineFun.kt:56
smartStepIntoInlineFun.kt:68
smartStepIntoInlineFun.kt:60
smartStepIntoInlineFun.kt:63
smartStepIntoInlineFun.kt:74
Disconnected from the target VM

Process finished with exit code 0
