LineBreakpoint created at methodInClass2.kt:8
Run Java
Connected to the target VM
methodInClass2.kt:8
Compile bytecode for test()
Disconnected from the target VM

Process finished with exit code 0
