LineBreakpoint created at mapRenderer.kt:26
Run Java
Connected to the target VM
mapRenderer.kt:26
KotlinStackFrame (mapRenderer.kt:26)
    JavaValue[local] emptyMap: java.util.Map =  size = 0 (mapRenderer.kt:11)
    JavaValue[local] nonEmptyMap: java.util.Map =  size = 2 (mapRenderer.kt:12)
        JavaValue[element] 0 = ... -> ...
            JavaValue key: java.lang.String = k1
            JavaValue value: java.lang.String = v1
        JavaValue[element] 1 = ... -> ...
            JavaValue key: java.lang.String = k2
            JavaValue value: java.lang.String = v2
    JavaValue[local] builtEmptyMap: java.util.Map =  size = 0 (mapRenderer.kt:17)
    JavaValue[local] builtNonEmptyMap: java.util.Map =  size = 2 (mapRenderer.kt:18)
        JavaValue[element] 0 = ... -> ...
            JavaValue key: java.lang.String = bk1
            JavaValue value: java.lang.String = bv1
        JavaValue[element] 1 = ... -> ...
            JavaValue key: java.lang.String = bk2
            JavaValue value: java.lang.String = bv2
    JavaValue[local] myMap: mapRenderer.MyMap =  size = 2 (mapRenderer.kt:23)
        JavaValue[element] 0 = ... -> ...
            JavaValue key: java.lang.String = a
            JavaValue value: java.lang.String = aaaa
        JavaValue[element] 1 = ... -> ...
            JavaValue key: java.lang.String = b
            JavaValue value: java.lang.String = bbbb
mapRenderer.kt:26
Disconnected from the target VM

Process finished with exit code 0
