LineBreakpoint created at reentrantInlineFunctions.kt:8
LineBreakpoint created at reentrantInlineFunctions.kt:10
LineBreakpoint created at reentrantInlineFunctions.kt:12
LineBreakpoint created at reentrantInlineFunctions.kt:21
LineBreakpoint created at reentrantInlineFunctions.kt:24
Run Java
Connected to the target VM
reentrantInlineFunctions.kt:8
KotlinStackFrame (reentrantInlineFunctions.kt:8)
    JavaValue[local] x: int = 0 (reentrantInlineFunctions.kt:6)
reentrantInlineFunctions.kt:21
InlineStackFrame f (reentrantInlineFunctions.kt:21)
    JavaValue[local] b: boolean = true (reentrantInlineFunctions.kt:17)
    JavaValue[local] x: int = 1 (reentrantInlineFunctions.kt:19)
reentrantInlineFunctions.kt:10
InlineStackFrame lambda 'f' in 'main' (reentrantInlineFunctions.kt:10)
    JavaValue[local] x: int = 1 (reentrantInlineFunctions.kt:8)
reentrantInlineFunctions.kt:24
InlineStackFrame f (reentrantInlineFunctions.kt:24)
    JavaValue[local] b: boolean = false (reentrantInlineFunctions.kt:17)
reentrantInlineFunctions.kt:12
InlineStackFrame lambda 'f' in 'main' (reentrantInlineFunctions.kt:12)
    JavaValue[local] x: int = 2 (reentrantInlineFunctions.kt:10)
Disconnected from the target VM

Process finished with exit code 0
