LineBreakpoint created at nestedGenerics.kt:6
Run Java
Connected to the target VM
nestedGenerics.kt:6
Compile bytecode for prop
Disconnected from the target VM

Process finished with exit code 0
