LineBreakpoint created at privateLocalDelegatedProperty.kt:4
Run Java
Connected to the target VM
privateLocalDelegatedProperty.kt:4
Compile bytecode for privateDelegatedProperty
Disconnected from the target VM

Process finished with exit code 0
