LineBreakpoint created at oneCoroutine1.kt:9
Run Java
Connected to the target VM
oneCoroutine1.kt:9
oneCoroutine1.kt:10
oneCoroutine1.kt:11
Disconnected from the target VM

Process finished with exit code 0