LineBreakpoint created at stepOverWithContext.kt:28
Run Java
Connected to the target VM
stepOverWithContext.kt:28
stepOverWithContext.kt:29
stepOverWithContext.kt:31
stepOverWithContext.kt:36
stepOverWithContext.kt:37
stepOverWithContext.kt:42
Disconnected from the target VM

Process finished with exit code 0
