LineBreakpoint created at oneCoroutine.kt:29
Run Java
Connected to the target VM
oneCoroutine.kt:29
==== Hierarchy of coroutines =====
root
Disconnected from the target VM

Process finished with exit code 0
