LineBreakpoint created at jvm.kt:6
Run Java
Connected to the target VM
jvm.kt:6
Compile bytecode for foo()
Disconnected from the target VM

Process finished with exit code 0
