LineBreakpoint created at jvm.kt:17
LineBreakpoint created at jvm.kt:22
LineBreakpoint created at jvm.kt:27
LineBreakpoint created at jvm.kt:32
Run Java
Connected to the target VM
jvm.kt:17
Compile bytecode for TestPlatform()
jvm.kt:22
Compile bytecode for TestPlatform().name1()
jvm.kt:27
Compile bytecode for TestPlatform().name2()
jvm.kt:32
Compile bytecode for TestPlatform().name2("special")
Disconnected from the target VM

Process finished with exit code 0
