LineBreakpoint created at localClass2.kt:11
Run Java
Connected to the target VM
localClass2.kt:11
Compile bytecode for this
KotlinStackFrame (localClass2.kt:11)
    JavaValue[this] this: LocalClass2Kt$main$Inner@uniqueID = LocalClass2Kt$main$Inner@hashCode
        DummyMessageValueNode = Class has no properties
Disconnected from the target VM

Process finished with exit code 0
