LineBreakpoint created at evDelegatedProperty.kt:13
Run Java
Connected to the target VM
evDelegatedProperty.kt:13
KotlinStackFrame (evDelegatedProperty.kt:13)
    JavaValue[local] args: java.lang.String[] = [...] (evDelegatedProperty.kt:9)
    JavaValue[local] a: evDelegatedProperty.A = evDelegatedProperty.A@hashCode (evDelegatedProperty.kt:10)
        JavaValue[field] prop$delegate: kotlin.properties.ReadWriteProperty = kotlin.properties.NotNullVar@hashCode (evDelegatedProperty.kt:6)
            JavaValue[field] value: java.lang.Object = 1 (Delegates.!EXT!)
                JavaValue[field] value: int = 1 (Integer.!EXT!)
        JavaValue[getter] prop: int (evDelegatedProperty.kt:6)
Disconnected from the target VM

Process finished with exit code 0
