LineBreakpoint created at evSkipLambda.kt:12
Run Java
Connected to the target VM
evSkipLambda.kt:12
KotlinStackFrame (evSkipLambda.kt:12)
    JavaValue[local] args: java.lang.String[] = [...] (evSkipLambda.kt:7)
    JavaValue[local] a1: evSkipLambda.A = evSkipLambda.A@hashCode (evSkipLambda.kt:8)
        JavaValue[field] prop: int = 1 (evSkipLambda.kt:4)
    JavaValue[local] a2: evSkipLambda.A = evSkipLambda.A@hashCode (evSkipLambda.kt:9)
        JavaValue[field] prop: int = 1 (evSkipLambda.kt:4)
Disconnected from the target VM

Process finished with exit code 0
